// Jest Snapshot v1, https://goo.gl/fbAQLP

exports[`CreateConfigRoutine constructor() errors if no driver defined 1`] = `
"The following validations have failed for \`CreateConfigRoutine\`:
  - Invalid field \\"driver\\". Field is required and must be defined.
  - Invalid field \\"tool\\". Field is required and must be defined."
`;

exports[`CreateConfigRoutine copyConfigFile() errors if no source file 1`] = `"Cannot copy configuration file. Source file does not exist in configuration module."`;

exports[`CreateConfigRoutine referenceConfigFile() errors if no source file 1`] = `"Cannot reference configuration file. Source file does not exist in configuration module."`;
